Analysis & Synthesis report for DCalles_Lab6_Adders
Thu Jul 15 10:04:51 2021
Quartus Prime Version 20.1.1 Build 720 11/11/2020 SJ Lite Edition


---------------------
; Table of Contents ;
---------------------
  1. Legal Notice
  2. Analysis & Synthesis Summary
  3. Analysis & Synthesis Settings
  4. Parallel Compilation
  5. Analysis & Synthesis Source Files Read
  6. Analysis & Synthesis Resource Usage Summary
  7. Analysis & Synthesis Resource Utilization by Entity
  8. General Register Statistics
  9. Multiplexer Restructuring Statistics (Restructuring Performed)
 10. Port Connectivity Checks: "Memory16Bits:Memory16Bits1|DFF_David:DFF15"
 11. Port Connectivity Checks: "Memory16Bits:Memory16Bits1|DFF_David:DFF14"
 12. Port Connectivity Checks: "Memory16Bits:Memory16Bits1|DFF_David:DFF13"
 13. Port Connectivity Checks: "Memory16Bits:Memory16Bits1|DFF_David:DFF12"
 14. Port Connectivity Checks: "Memory16Bits:Memory16Bits1|DFF_David:DFF11"
 15. Port Connectivity Checks: "Memory16Bits:Memory16Bits1|DFF_David:DFF10"
 16. Port Connectivity Checks: "Memory16Bits:Memory16Bits1|DFF_David:DFF9"
 17. Port Connectivity Checks: "Memory16Bits:Memory16Bits1|DFF_David:DFF8"
 18. Port Connectivity Checks: "Memory16Bits:Memory16Bits1|DFF_David:DFF7"
 19. Port Connectivity Checks: "Memory16Bits:Memory16Bits1|DFF_David:DFF6"
 20. Port Connectivity Checks: "Memory16Bits:Memory16Bits1|DFF_David:DFF5"
 21. Port Connectivity Checks: "Memory16Bits:Memory16Bits1|DFF_David:DFF4"
 22. Port Connectivity Checks: "Memory16Bits:Memory16Bits1|DFF_David:DFF3"
 23. Port Connectivity Checks: "Memory16Bits:Memory16Bits1|DFF_David:DFF2"
 24. Port Connectivity Checks: "Memory16Bits:Memory16Bits1|DFF_David:DFF1"
 25. Port Connectivity Checks: "Memory16Bits:Memory16Bits1|DFF_David:DFF0"
 26. Post-Synthesis Netlist Statistics for Top Partition
 27. Elapsed Time Per Partition
 28. Analysis & Synthesis Messages



----------------
; Legal Notice ;
----------------
Copyright (C) 2020  Intel Corporation. All rights reserved.
Your use of Intel Corporation's design tools, logic functions 
and other software and tools, and any partner logic 
functions, and any output files from any of the foregoing 
(including device programming or simulation files), and any 
associated documentation or information are expressly subject 
to the terms and conditions of the Intel Program License 
Subscription Agreement, the Intel Quartus Prime License Agreement,
the Intel FPGA IP License Agreement, or other applicable license
agreement, including, without limitation, that your use is for
the sole purpose of programming logic devices manufactured by
Intel and sold by Intel or its authorized distributors.  Please
refer to the applicable agreement for further details, at
https://fpgasoftware.intel.com/eula.



+-------------------------------------------------------------------------------+
; Analysis & Synthesis Summary                                                  ;
+---------------------------------+---------------------------------------------+
; Analysis & Synthesis Status     ; Successful - Thu Jul 15 10:04:51 2021       ;
; Quartus Prime Version           ; 20.1.1 Build 720 11/11/2020 SJ Lite Edition ;
; Revision Name                   ; DCalles_Lab6_Adders                         ;
; Top-level Entity Name           ; Dcalles_Lab6_Adders                         ;
; Family                          ; Cyclone V                                   ;
; Logic utilization (in ALMs)     ; N/A                                         ;
; Total registers                 ; 16                                          ;
; Total pins                      ; 55                                          ;
; Total virtual pins              ; 0                                           ;
; Total block memory bits         ; 0                                           ;
; Total DSP Blocks                ; 0                                           ;
; Total HSSI RX PCSs              ; 0                                           ;
; Total HSSI PMA RX Deserializers ; 0                                           ;
; Total HSSI TX PCSs              ; 0                                           ;
; Total HSSI PMA TX Serializers   ; 0                                           ;
; Total PLLs                      ; 0                                           ;
; Total DLLs                      ; 0                                           ;
+---------------------------------+---------------------------------------------+


+-----------------------------------------------------------------------------------------------------------------------------+
; Analysis & Synthesis Settings                                                                                               ;
+---------------------------------------------------------------------------------+---------------------+---------------------+
; Option                                                                          ; Setting             ; Default Value       ;
+---------------------------------------------------------------------------------+---------------------+---------------------+
; Device                                                                          ; 5CSEMA5F31C6        ;                     ;
; Top-level entity name                                                           ; DCalles_Lab6_Adders ; DCalles_Lab6_Adders ;
; Family name                                                                     ; Cyclone V           ; Cyclone V           ;
; Use smart compilation                                                           ; Off                 ; Off                 ;
; Enable parallel Assembler and Timing Analyzer during compilation                ; On                  ; On                  ;
; Enable compact report table                                                     ; Off                 ; Off                 ;
; Restructure Multiplexers                                                        ; Auto                ; Auto                ;
; MLAB Add Timing Constraints For Mixed-Port Feed-Through Mode Setting Don't Care ; Off                 ; Off                 ;
; Create Debugging Nodes for IP Cores                                             ; Off                 ; Off                 ;
; Preserve fewer node names                                                       ; On                  ; On                  ;
; Intel FPGA IP Evaluation Mode                                                   ; Enable              ; Enable              ;
; Verilog Version                                                                 ; Verilog_2001        ; Verilog_2001        ;
; VHDL Version                                                                    ; VHDL_1993           ; VHDL_1993           ;
; State Machine Processing                                                        ; Auto                ; Auto                ;
; Safe State Machine                                                              ; Off                 ; Off                 ;
; Extract Verilog State Machines                                                  ; On                  ; On                  ;
; Extract VHDL State Machines                                                     ; On                  ; On                  ;
; Ignore Verilog initial constructs                                               ; Off                 ; Off                 ;
; Iteration limit for constant Verilog loops                                      ; 5000                ; 5000                ;
; Iteration limit for non-constant Verilog loops                                  ; 250                 ; 250                 ;
; Add Pass-Through Logic to Inferred RAMs                                         ; On                  ; On                  ;
; Infer RAMs from Raw Logic                                                       ; On                  ; On                  ;
; Parallel Synthesis                                                              ; On                  ; On                  ;
; DSP Block Balancing                                                             ; Auto                ; Auto                ;
; NOT Gate Push-Back                                                              ; On                  ; On                  ;
; Power-Up Don't Care                                                             ; On                  ; On                  ;
; Remove Redundant Logic Cells                                                    ; Off                 ; Off                 ;
; Remove Duplicate Registers                                                      ; On                  ; On                  ;
; Ignore CARRY Buffers                                                            ; Off                 ; Off                 ;
; Ignore CASCADE Buffers                                                          ; Off                 ; Off                 ;
; Ignore GLOBAL Buffers                                                           ; Off                 ; Off                 ;
; Ignore ROW GLOBAL Buffers                                                       ; Off                 ; Off                 ;
; Ignore LCELL Buffers                                                            ; Off                 ; Off                 ;
; Ignore SOFT Buffers                                                             ; On                  ; On                  ;
; Limit AHDL Integers to 32 Bits                                                  ; Off                 ; Off                 ;
; Optimization Technique                                                          ; Balanced            ; Balanced            ;
; Carry Chain Length                                                              ; 70                  ; 70                  ;
; Auto Carry Chains                                                               ; On                  ; On                  ;
; Auto Open-Drain Pins                                                            ; On                  ; On                  ;
; Perform WYSIWYG Primitive Resynthesis                                           ; Off                 ; Off                 ;
; Auto ROM Replacement                                                            ; On                  ; On                  ;
; Auto RAM Replacement                                                            ; On                  ; On                  ;
; Auto DSP Block Replacement                                                      ; On                  ; On                  ;
; Auto Shift Register Replacement                                                 ; Auto                ; Auto                ;
; Allow Shift Register Merging across Hierarchies                                 ; Auto                ; Auto                ;
; Auto Clock Enable Replacement                                                   ; On                  ; On                  ;
; Strict RAM Replacement                                                          ; Off                 ; Off                 ;
; Allow Synchronous Control Signals                                               ; On                  ; On                  ;
; Force Use of Synchronous Clear Signals                                          ; Off                 ; Off                 ;
; Auto Resource Sharing                                                           ; Off                 ; Off                 ;
; Allow Any RAM Size For Recognition                                              ; Off                 ; Off                 ;
; Allow Any ROM Size For Recognition                                              ; Off                 ; Off                 ;
; Allow Any Shift Register Size For Recognition                                   ; Off                 ; Off                 ;
; Use LogicLock Constraints during Resource Balancing                             ; On                  ; On                  ;
; Ignore translate_off and synthesis_off directives                               ; Off                 ; Off                 ;
; Timing-Driven Synthesis                                                         ; On                  ; On                  ;
; Report Parameter Settings                                                       ; On                  ; On                  ;
; Report Source Assignments                                                       ; On                  ; On                  ;
; Report Connectivity Checks                                                      ; On                  ; On                  ;
; Ignore Maximum Fan-Out Assignments                                              ; Off                 ; Off                 ;
; Synchronization Register Chain Length                                           ; 3                   ; 3                   ;
; Power Optimization During Synthesis                                             ; Normal compilation  ; Normal compilation  ;
; HDL message level                                                               ; Level2              ; Level2              ;
; Suppress Register Optimization Related Messages                                 ; Off                 ; Off                 ;
; Number of Removed Registers Reported in Synthesis Report                        ; 5000                ; 5000                ;
; Number of Swept Nodes Reported in Synthesis Report                              ; 5000                ; 5000                ;
; Number of Inverted Registers Reported in Synthesis Report                       ; 100                 ; 100                 ;
; Clock MUX Protection                                                            ; On                  ; On                  ;
; Auto Gated Clock Conversion                                                     ; Off                 ; Off                 ;
; Block Design Naming                                                             ; Auto                ; Auto                ;
; SDC constraint protection                                                       ; Off                 ; Off                 ;
; Synthesis Effort                                                                ; Auto                ; Auto                ;
; Shift Register Replacement - Allow Asynchronous Clear Signal                    ; On                  ; On                  ;
; Pre-Mapping Resynthesis Optimization                                            ; Off                 ; Off                 ;
; Analysis & Synthesis Message Level                                              ; Medium              ; Medium              ;
; Disable Register Merging Across Hierarchies                                     ; Auto                ; Auto                ;
; Resource Aware Inference For Block RAM                                          ; On                  ; On                  ;
; Automatic Parallel Synthesis                                                    ; On                  ; On                  ;
; Partial Reconfiguration Bitstream ID                                            ; Off                 ; Off                 ;
+---------------------------------------------------------------------------------+---------------------+---------------------+


+------------------------------------------+
; Parallel Compilation                     ;
+----------------------------+-------------+
; Processors                 ; Number      ;
+----------------------------+-------------+
; Number detected on machine ; 8           ;
; Maximum allowed            ; 4           ;
;                            ;             ;
; Average used               ; 1.00        ;
; Maximum used               ; 1           ;
;                            ;             ;
; Usage by Processor         ; % Time Used ;
;     Processor 1            ; 100.0%      ;
+----------------------------+-------------+


+----------------------------------------------------------------------------------------------------------------------------------------------------------------------------------------------+
; Analysis & Synthesis Source Files Read                                                                                                                                                       ;
+----------------------------------+-----------------+-----------------+-------------------------------------------------------------------------------------------------------------+---------+
; File Name with User-Entered Path ; Used in Netlist ; File Type       ; File Name with Absolute Path                                                                                ; Library ;
+----------------------------------+-----------------+-----------------+-------------------------------------------------------------------------------------------------------------+---------+
; SevenSegments.vhd                ; yes             ; User VHDL File  ; C:/Users/yodav/Documents/Conestoga_College/FIRST_TERM/Digital_Design/LABS/Lab6/VHDL/SevenSegments.vhd       ;         ;
; Memory16Bits.vhd                 ; yes             ; User VHDL File  ; C:/Users/yodav/Documents/Conestoga_College/FIRST_TERM/Digital_Design/LABS/Lab6/VHDL/Memory16Bits.vhd        ;         ;
; HalfAdder.vhd                    ; yes             ; User VHDL File  ; C:/Users/yodav/Documents/Conestoga_College/FIRST_TERM/Digital_Design/LABS/Lab6/VHDL/HalfAdder.vhd           ;         ;
; FullAdder.vhd                    ; yes             ; User VHDL File  ; C:/Users/yodav/Documents/Conestoga_College/FIRST_TERM/Digital_Design/LABS/Lab6/VHDL/FullAdder.vhd           ;         ;
; DFF_David.vhd                    ; yes             ; User VHDL File  ; C:/Users/yodav/Documents/Conestoga_College/FIRST_TERM/Digital_Design/LABS/Lab6/VHDL/DFF_David.vhd           ;         ;
; Adder8Bits.vhd                   ; yes             ; User VHDL File  ; C:/Users/yodav/Documents/Conestoga_College/FIRST_TERM/Digital_Design/LABS/Lab6/VHDL/Adder8Bits.vhd          ;         ;
; DCalles_Lab6_Adders.vhd          ; yes             ; User VHDL File  ; C:/Users/yodav/Documents/Conestoga_College/FIRST_TERM/Digital_Design/LABS/Lab6/VHDL/DCalles_Lab6_Adders.vhd ;         ;
+----------------------------------+-----------------+-----------------+-------------------------------------------------------------------------------------------------------------+---------+


+-----------------------------------------------------------+
; Analysis & Synthesis Resource Usage Summary               ;
+---------------------------------------------+-------------+
; Resource                                    ; Usage       ;
+---------------------------------------------+-------------+
; Estimate of Logic utilization (ALMs needed) ; 34          ;
;                                             ;             ;
; Combinational ALUT usage for logic          ; 58          ;
;     -- 7 input functions                    ; 0           ;
;     -- 6 input functions                    ; 5           ;
;     -- 5 input functions                    ; 2           ;
;     -- 4 input functions                    ; 44          ;
;     -- <=3 input functions                  ; 7           ;
;                                             ;             ;
; Dedicated logic registers                   ; 16          ;
;                                             ;             ;
; I/O pins                                    ; 55          ;
;                                             ;             ;
; Total DSP Blocks                            ; 0           ;
;                                             ;             ;
; Maximum fan-out node                        ; reset~input ;
; Maximum fan-out                             ; 18          ;
; Total fan-out                               ; 396         ;
; Average fan-out                             ; 2.15        ;
+---------------------------------------------+-------------+


+-------------------------------------------------------------------------------------------------------------------------------------------------------------------------------------------------------------------------------------------------------+
; Analysis & Synthesis Resource Utilization by Entity                                                                                                                                                                                                   ;
+--------------------------------------+---------------------+---------------------------+-------------------+------------+------+--------------+------------------------------------------------------------------+---------------------+--------------+
; Compilation Hierarchy Node           ; Combinational ALUTs ; Dedicated Logic Registers ; Block Memory Bits ; DSP Blocks ; Pins ; Virtual Pins ; Full Hierarchy Name                                              ; Entity Name         ; Library Name ;
+--------------------------------------+---------------------+---------------------------+-------------------+------------+------+--------------+------------------------------------------------------------------+---------------------+--------------+
; |Dcalles_Lab6_Adders                 ; 58 (0)              ; 16 (0)                    ; 0                 ; 0          ; 55   ; 0            ; |Dcalles_Lab6_Adders                                             ; Dcalles_Lab6_Adders ; work         ;
;    |Adder8Bits:Adder8Bits1|          ; 14 (0)              ; 0 (0)                     ; 0                 ; 0          ; 0    ; 0            ; |Dcalles_Lab6_Adders|Adder8Bits:Adder8Bits1                      ; Adder8Bits          ; work         ;
;       |FullAdder:FullAdder1|         ; 1 (1)               ; 0 (0)                     ; 0                 ; 0          ; 0    ; 0            ; |Dcalles_Lab6_Adders|Adder8Bits:Adder8Bits1|FullAdder:FullAdder1 ; FullAdder           ; work         ;
;       |FullAdder:FullAdder2|         ; 2 (2)               ; 0 (0)                     ; 0                 ; 0          ; 0    ; 0            ; |Dcalles_Lab6_Adders|Adder8Bits:Adder8Bits1|FullAdder:FullAdder2 ; FullAdder           ; work         ;
;       |FullAdder:FullAdder3|         ; 2 (2)               ; 0 (0)                     ; 0                 ; 0          ; 0    ; 0            ; |Dcalles_Lab6_Adders|Adder8Bits:Adder8Bits1|FullAdder:FullAdder3 ; FullAdder           ; work         ;
;       |FullAdder:FullAdder4|         ; 1 (1)               ; 0 (0)                     ; 0                 ; 0          ; 0    ; 0            ; |Dcalles_Lab6_Adders|Adder8Bits:Adder8Bits1|FullAdder:FullAdder4 ; FullAdder           ; work         ;
;       |FullAdder:FullAdder5|         ; 4 (4)               ; 0 (0)                     ; 0                 ; 0          ; 0    ; 0            ; |Dcalles_Lab6_Adders|Adder8Bits:Adder8Bits1|FullAdder:FullAdder5 ; FullAdder           ; work         ;
;       |FullAdder:FullAdder6|         ; 1 (1)               ; 0 (0)                     ; 0                 ; 0          ; 0    ; 0            ; |Dcalles_Lab6_Adders|Adder8Bits:Adder8Bits1|FullAdder:FullAdder6 ; FullAdder           ; work         ;
;       |FullAdder:FullAdder7|         ; 2 (2)               ; 0 (0)                     ; 0                 ; 0          ; 0    ; 0            ; |Dcalles_Lab6_Adders|Adder8Bits:Adder8Bits1|FullAdder:FullAdder7 ; FullAdder           ; work         ;
;       |HalfAdder:HalfAdder0|         ; 1 (1)               ; 0 (0)                     ; 0                 ; 0          ; 0    ; 0            ; |Dcalles_Lab6_Adders|Adder8Bits:Adder8Bits1|HalfAdder:HalfAdder0 ; HalfAdder           ; work         ;
;    |Memory16Bits:Memory16Bits1|      ; 2 (0)               ; 16 (0)                    ; 0                 ; 0          ; 0    ; 0            ; |Dcalles_Lab6_Adders|Memory16Bits:Memory16Bits1                  ; Memory16Bits        ; work         ;
;       |DFF_David:DFF0|               ; 0 (0)               ; 1 (1)                     ; 0                 ; 0          ; 0    ; 0            ; |Dcalles_Lab6_Adders|Memory16Bits:Memory16Bits1|DFF_David:DFF0   ; DFF_David           ; work         ;
;       |DFF_David:DFF10|              ; 0 (0)               ; 1 (1)                     ; 0                 ; 0          ; 0    ; 0            ; |Dcalles_Lab6_Adders|Memory16Bits:Memory16Bits1|DFF_David:DFF10  ; DFF_David           ; work         ;
;       |DFF_David:DFF11|              ; 0 (0)               ; 1 (1)                     ; 0                 ; 0          ; 0    ; 0            ; |Dcalles_Lab6_Adders|Memory16Bits:Memory16Bits1|DFF_David:DFF11  ; DFF_David           ; work         ;
;       |DFF_David:DFF12|              ; 0 (0)               ; 1 (1)                     ; 0                 ; 0          ; 0    ; 0            ; |Dcalles_Lab6_Adders|Memory16Bits:Memory16Bits1|DFF_David:DFF12  ; DFF_David           ; work         ;
;       |DFF_David:DFF13|              ; 0 (0)               ; 1 (1)                     ; 0                 ; 0          ; 0    ; 0            ; |Dcalles_Lab6_Adders|Memory16Bits:Memory16Bits1|DFF_David:DFF13  ; DFF_David           ; work         ;
;       |DFF_David:DFF14|              ; 0 (0)               ; 1 (1)                     ; 0                 ; 0          ; 0    ; 0            ; |Dcalles_Lab6_Adders|Memory16Bits:Memory16Bits1|DFF_David:DFF14  ; DFF_David           ; work         ;
;       |DFF_David:DFF15|              ; 1 (1)               ; 1 (1)                     ; 0                 ; 0          ; 0    ; 0            ; |Dcalles_Lab6_Adders|Memory16Bits:Memory16Bits1|DFF_David:DFF15  ; DFF_David           ; work         ;
;       |DFF_David:DFF1|               ; 0 (0)               ; 1 (1)                     ; 0                 ; 0          ; 0    ; 0            ; |Dcalles_Lab6_Adders|Memory16Bits:Memory16Bits1|DFF_David:DFF1   ; DFF_David           ; work         ;
;       |DFF_David:DFF2|               ; 0 (0)               ; 1 (1)                     ; 0                 ; 0          ; 0    ; 0            ; |Dcalles_Lab6_Adders|Memory16Bits:Memory16Bits1|DFF_David:DFF2   ; DFF_David           ; work         ;
;       |DFF_David:DFF3|               ; 0 (0)               ; 1 (1)                     ; 0                 ; 0          ; 0    ; 0            ; |Dcalles_Lab6_Adders|Memory16Bits:Memory16Bits1|DFF_David:DFF3   ; DFF_David           ; work         ;
;       |DFF_David:DFF4|               ; 0 (0)               ; 1 (1)                     ; 0                 ; 0          ; 0    ; 0            ; |Dcalles_Lab6_Adders|Memory16Bits:Memory16Bits1|DFF_David:DFF4   ; DFF_David           ; work         ;
;       |DFF_David:DFF5|               ; 0 (0)               ; 1 (1)                     ; 0                 ; 0          ; 0    ; 0            ; |Dcalles_Lab6_Adders|Memory16Bits:Memory16Bits1|DFF_David:DFF5   ; DFF_David           ; work         ;
;       |DFF_David:DFF6|               ; 0 (0)               ; 1 (1)                     ; 0                 ; 0          ; 0    ; 0            ; |Dcalles_Lab6_Adders|Memory16Bits:Memory16Bits1|DFF_David:DFF6   ; DFF_David           ; work         ;
;       |DFF_David:DFF7|               ; 1 (1)               ; 1 (1)                     ; 0                 ; 0          ; 0    ; 0            ; |Dcalles_Lab6_Adders|Memory16Bits:Memory16Bits1|DFF_David:DFF7   ; DFF_David           ; work         ;
;       |DFF_David:DFF8|               ; 0 (0)               ; 1 (1)                     ; 0                 ; 0          ; 0    ; 0            ; |Dcalles_Lab6_Adders|Memory16Bits:Memory16Bits1|DFF_David:DFF8   ; DFF_David           ; work         ;
;       |DFF_David:DFF9|               ; 0 (0)               ; 1 (1)                     ; 0                 ; 0          ; 0    ; 0            ; |Dcalles_Lab6_Adders|Memory16Bits:Memory16Bits1|DFF_David:DFF9   ; DFF_David           ; work         ;
;    |SevenSegments:SevenSegmentsL1|   ; 7 (7)               ; 0 (0)                     ; 0                 ; 0          ; 0    ; 0            ; |Dcalles_Lab6_Adders|SevenSegments:SevenSegmentsL1               ; SevenSegments       ; work         ;
;    |SevenSegments:SevenSegmentsL2|   ; 7 (7)               ; 0 (0)                     ; 0                 ; 0          ; 0    ; 0            ; |Dcalles_Lab6_Adders|SevenSegments:SevenSegmentsL2               ; SevenSegments       ; work         ;
;    |SevenSegments:SevenSegmentsR1|   ; 7 (7)               ; 0 (0)                     ; 0                 ; 0          ; 0    ; 0            ; |Dcalles_Lab6_Adders|SevenSegments:SevenSegmentsR1               ; SevenSegments       ; work         ;
;    |SevenSegments:SevenSegmentsR2|   ; 7 (7)               ; 0 (0)                     ; 0                 ; 0          ; 0    ; 0            ; |Dcalles_Lab6_Adders|SevenSegments:SevenSegmentsR2               ; SevenSegments       ; work         ;
;    |SevenSegments:SevenSegmentsSumL| ; 7 (7)               ; 0 (0)                     ; 0                 ; 0          ; 0    ; 0            ; |Dcalles_Lab6_Adders|SevenSegments:SevenSegmentsSumL             ; SevenSegments       ; work         ;
;    |SevenSegments:SevenSegmentsSumR| ; 7 (7)               ; 0 (0)                     ; 0                 ; 0          ; 0    ; 0            ; |Dcalles_Lab6_Adders|SevenSegments:SevenSegmentsSumR             ; SevenSegments       ; work         ;
+--------------------------------------+---------------------+---------------------------+-------------------+------------+------+--------------+------------------------------------------------------------------+---------------------+--------------+
Note: For table entries with two numbers listed, the numbers in parentheses indicate the number of resources of the given type used by the specific entity alone. The numbers listed outside of parentheses indicate the total resources of the given type used by the specific entity and all of its sub-entities in the hierarchy.


+------------------------------------------------------+
; General Register Statistics                          ;
+----------------------------------------------+-------+
; Statistic                                    ; Value ;
+----------------------------------------------+-------+
; Total registers                              ; 16    ;
; Number of registers using Synchronous Clear  ; 16    ;
; Number of registers using Synchronous Load   ; 0     ;
; Number of registers using Asynchronous Clear ; 0     ;
; Number of registers using Asynchronous Load  ; 0     ;
; Number of registers using Clock Enable       ; 16    ;
; Number of registers using Preset             ; 0     ;
+----------------------------------------------+-------+


+---------------------------------------------------------------------------------------------------------------------------------------------------------------------------------+
; Multiplexer Restructuring Statistics (Restructuring Performed)                                                                                                                  ;
+--------------------+-----------+---------------+----------------------+------------------------+------------+-------------------------------------------------------------------+
; Multiplexer Inputs ; Bus Width ; Baseline Area ; Area if Restructured ; Saving if Restructured ; Registered ; Example Multiplexer Output                                        ;
+--------------------+-----------+---------------+----------------------+------------------------+------------+-------------------------------------------------------------------+
; 3:1                ; 8 bits    ; 16 LEs        ; 0 LEs                ; 16 LEs                 ; Yes        ; |Dcalles_Lab6_Adders|Memory16Bits:Memory16Bits1|DFF_David:DFF7|q  ;
; 3:1                ; 8 bits    ; 16 LEs        ; 0 LEs                ; 16 LEs                 ; Yes        ; |Dcalles_Lab6_Adders|Memory16Bits:Memory16Bits1|DFF_David:DFF15|q ;
+--------------------+-----------+---------------+----------------------+------------------------+------------+-------------------------------------------------------------------+


+------------------------------------------------------------------------+
; Port Connectivity Checks: "Memory16Bits:Memory16Bits1|DFF_David:DFF15" ;
+------+-------+----------+----------------------------------------------+
; Port ; Type  ; Severity ; Details                                      ;
+------+-------+----------+----------------------------------------------+
; pre  ; Input ; Info     ; Stuck at GND                                 ;
+------+-------+----------+----------------------------------------------+


+------------------------------------------------------------------------+
; Port Connectivity Checks: "Memory16Bits:Memory16Bits1|DFF_David:DFF14" ;
+------+-------+----------+----------------------------------------------+
; Port ; Type  ; Severity ; Details                                      ;
+------+-------+----------+----------------------------------------------+
; pre  ; Input ; Info     ; Stuck at GND                                 ;
+------+-------+----------+----------------------------------------------+


+------------------------------------------------------------------------+
; Port Connectivity Checks: "Memory16Bits:Memory16Bits1|DFF_David:DFF13" ;
+------+-------+----------+----------------------------------------------+
; Port ; Type  ; Severity ; Details                                      ;
+------+-------+----------+----------------------------------------------+
; pre  ; Input ; Info     ; Stuck at GND                                 ;
+------+-------+----------+----------------------------------------------+


+------------------------------------------------------------------------+
; Port Connectivity Checks: "Memory16Bits:Memory16Bits1|DFF_David:DFF12" ;
+------+-------+----------+----------------------------------------------+
; Port ; Type  ; Severity ; Details                                      ;
+------+-------+----------+----------------------------------------------+
; pre  ; Input ; Info     ; Stuck at GND                                 ;
+------+-------+----------+----------------------------------------------+


+------------------------------------------------------------------------+
; Port Connectivity Checks: "Memory16Bits:Memory16Bits1|DFF_David:DFF11" ;
+------+-------+----------+----------------------------------------------+
; Port ; Type  ; Severity ; Details                                      ;
+------+-------+----------+----------------------------------------------+
; pre  ; Input ; Info     ; Stuck at GND                                 ;
+------+-------+----------+----------------------------------------------+


+------------------------------------------------------------------------+
; Port Connectivity Checks: "Memory16Bits:Memory16Bits1|DFF_David:DFF10" ;
+------+-------+----------+----------------------------------------------+
; Port ; Type  ; Severity ; Details                                      ;
+------+-------+----------+----------------------------------------------+
; pre  ; Input ; Info     ; Stuck at GND                                 ;
+------+-------+----------+----------------------------------------------+


+-----------------------------------------------------------------------+
; Port Connectivity Checks: "Memory16Bits:Memory16Bits1|DFF_David:DFF9" ;
+------+-------+----------+---------------------------------------------+
; Port ; Type  ; Severity ; Details                                     ;
+------+-------+----------+---------------------------------------------+
; pre  ; Input ; Info     ; Stuck at GND                                ;
+------+-------+----------+---------------------------------------------+


+-----------------------------------------------------------------------+
; Port Connectivity Checks: "Memory16Bits:Memory16Bits1|DFF_David:DFF8" ;
+------+-------+----------+---------------------------------------------+
; Port ; Type  ; Severity ; Details                                     ;
+------+-------+----------+---------------------------------------------+
; pre  ; Input ; Info     ; Stuck at GND                                ;
+------+-------+----------+---------------------------------------------+


+-----------------------------------------------------------------------+
; Port Connectivity Checks: "Memory16Bits:Memory16Bits1|DFF_David:DFF7" ;
+------+-------+----------+---------------------------------------------+
; Port ; Type  ; Severity ; Details                                     ;
+------+-------+----------+---------------------------------------------+
; pre  ; Input ; Info     ; Stuck at GND                                ;
+------+-------+----------+---------------------------------------------+


+-----------------------------------------------------------------------+
; Port Connectivity Checks: "Memory16Bits:Memory16Bits1|DFF_David:DFF6" ;
+------+-------+----------+---------------------------------------------+
; Port ; Type  ; Severity ; Details                                     ;
+------+-------+----------+---------------------------------------------+
; pre  ; Input ; Info     ; Stuck at GND                                ;
+------+-------+----------+---------------------------------------------+


+-----------------------------------------------------------------------+
; Port Connectivity Checks: "Memory16Bits:Memory16Bits1|DFF_David:DFF5" ;
+------+-------+----------+---------------------------------------------+
; Port ; Type  ; Severity ; Details                                     ;
+------+-------+----------+---------------------------------------------+
; pre  ; Input ; Info     ; Stuck at GND                                ;
+------+-------+----------+---------------------------------------------+


+-----------------------------------------------------------------------+
; Port Connectivity Checks: "Memory16Bits:Memory16Bits1|DFF_David:DFF4" ;
+------+-------+----------+---------------------------------------------+
; Port ; Type  ; Severity ; Details                                     ;
+------+-------+----------+---------------------------------------------+
; pre  ; Input ; Info     ; Stuck at GND                                ;
+------+-------+----------+---------------------------------------------+


+-----------------------------------------------------------------------+
; Port Connectivity Checks: "Memory16Bits:Memory16Bits1|DFF_David:DFF3" ;
+------+-------+----------+---------------------------------------------+
; Port ; Type  ; Severity ; Details                                     ;
+------+-------+----------+---------------------------------------------+
; pre  ; Input ; Info     ; Stuck at GND                                ;
+------+-------+----------+---------------------------------------------+


+-----------------------------------------------------------------------+
; Port Connectivity Checks: "Memory16Bits:Memory16Bits1|DFF_David:DFF2" ;
+------+-------+----------+---------------------------------------------+
; Port ; Type  ; Severity ; Details                                     ;
+------+-------+----------+---------------------------------------------+
; pre  ; Input ; Info     ; Stuck at GND                                ;
+------+-------+----------+---------------------------------------------+


+-----------------------------------------------------------------------+
; Port Connectivity Checks: "Memory16Bits:Memory16Bits1|DFF_David:DFF1" ;
+------+-------+----------+---------------------------------------------+
; Port ; Type  ; Severity ; Details                                     ;
+------+-------+----------+---------------------------------------------+
; pre  ; Input ; Info     ; Stuck at GND                                ;
+------+-------+----------+---------------------------------------------+


+-----------------------------------------------------------------------+
; Port Connectivity Checks: "Memory16Bits:Memory16Bits1|DFF_David:DFF0" ;
+------+-------+----------+---------------------------------------------+
; Port ; Type  ; Severity ; Details                                     ;
+------+-------+----------+---------------------------------------------+
; pre  ; Input ; Info     ; Stuck at GND                                ;
+------+-------+----------+---------------------------------------------+


+-----------------------------------------------------+
; Post-Synthesis Netlist Statistics for Top Partition ;
+-----------------------+-----------------------------+
; Type                  ; Count                       ;
+-----------------------+-----------------------------+
; arriav_ff             ; 16                          ;
;     ENA SCLR          ; 16                          ;
; arriav_lcell_comb     ; 64                          ;
;     normal            ; 64                          ;
;         1 data inputs ; 6                           ;
;         2 data inputs ; 3                           ;
;         3 data inputs ; 4                           ;
;         4 data inputs ; 44                          ;
;         5 data inputs ; 2                           ;
;         6 data inputs ; 5                           ;
; boundary_port         ; 55                          ;
;                       ;                             ;
; Max LUT depth         ; 5.00                        ;
; Average LUT depth     ; 2.52                        ;
+-----------------------+-----------------------------+


+-------------------------------+
; Elapsed Time Per Partition    ;
+----------------+--------------+
; Partition Name ; Elapsed Time ;
+----------------+--------------+
; Top            ; 00:00:00     ;
+----------------+--------------+


+-------------------------------+
; Analysis & Synthesis Messages ;
+-------------------------------+
Info: *******************************************************************
Info: Running Quartus Prime Analysis & Synthesis
    Info: Version 20.1.1 Build 720 11/11/2020 SJ Lite Edition
    Info: Processing started: Thu Jul 15 10:04:41 2021
Info: Command: quartus_map --read_settings_files=on --write_settings_files=off DCalles_Lab6_Adders -c DCalles_Lab6_Adders
Warning (18236): Number of processors has not been specified which may cause overloading on shared machines.  Set the global assignment NUM_PARALLEL_PROCESSORS in your QSF to an appropriate value for best performance.
Info (20030): Parallel compilation is enabled and will use 4 of the 4 processors detected
Info (12021): Found 2 design units, including 1 entities, in source file sevensegments.vhd
    Info (12022): Found design unit 1: SevenSegments-Behavioral File: C:/Users/yodav/Documents/Conestoga_College/FIRST_TERM/Digital_Design/LABS/Lab6/VHDL/SevenSegments.vhd Line: 31
    Info (12023): Found entity 1: SevenSegments File: C:/Users/yodav/Documents/Conestoga_College/FIRST_TERM/Digital_Design/LABS/Lab6/VHDL/SevenSegments.vhd Line: 21
Info (12021): Found 2 design units, including 1 entities, in source file memory16bits.vhd
    Info (12022): Found design unit 1: Memory16Bits-Behavioural File: C:/Users/yodav/Documents/Conestoga_College/FIRST_TERM/Digital_Design/LABS/Lab6/VHDL/Memory16Bits.vhd Line: 45
    Info (12023): Found entity 1: Memory16Bits File: C:/Users/yodav/Documents/Conestoga_College/FIRST_TERM/Digital_Design/LABS/Lab6/VHDL/Memory16Bits.vhd Line: 30
Info (12021): Found 2 design units, including 1 entities, in source file halfadder.vhd
    Info (12022): Found design unit 1: HalfAdder-RTL File: C:/Users/yodav/Documents/Conestoga_College/FIRST_TERM/Digital_Design/LABS/Lab6/VHDL/HalfAdder.vhd Line: 33
    Info (12023): Found entity 1: HalfAdder File: C:/Users/yodav/Documents/Conestoga_College/FIRST_TERM/Digital_Design/LABS/Lab6/VHDL/HalfAdder.vhd Line: 21
Info (12021): Found 2 design units, including 1 entities, in source file fulladder.vhd
    Info (12022): Found design unit 1: FullAdder-RTL File: C:/Users/yodav/Documents/Conestoga_College/FIRST_TERM/Digital_Design/LABS/Lab6/VHDL/FullAdder.vhd Line: 35
    Info (12023): Found entity 1: FullAdder File: C:/Users/yodav/Documents/Conestoga_College/FIRST_TERM/Digital_Design/LABS/Lab6/VHDL/FullAdder.vhd Line: 22
Info (12021): Found 2 design units, including 1 entities, in source file dff_david.vhd
    Info (12022): Found design unit 1: DFF_David-Behavioral File: C:/Users/yodav/Documents/Conestoga_College/FIRST_TERM/Digital_Design/LABS/Lab6/VHDL/DFF_David.vhd Line: 40
    Info (12023): Found entity 1: DFF_David File: C:/Users/yodav/Documents/Conestoga_College/FIRST_TERM/Digital_Design/LABS/Lab6/VHDL/DFF_David.vhd Line: 26
Info (12021): Found 2 design units, including 1 entities, in source file adder8bits.vhd
    Info (12022): Found design unit 1: Adder8Bits-RTL File: C:/Users/yodav/Documents/Conestoga_College/FIRST_TERM/Digital_Design/LABS/Lab6/VHDL/Adder8Bits.vhd Line: 31
    Info (12023): Found entity 1: Adder8Bits File: C:/Users/yodav/Documents/Conestoga_College/FIRST_TERM/Digital_Design/LABS/Lab6/VHDL/Adder8Bits.vhd Line: 20
Info (12021): Found 2 design units, including 1 entities, in source file dcalles_lab6_adders.vhd
    Info (12022): Found design unit 1: Dcalles_Lab6_Adders-Behavioral File: C:/Users/yodav/Documents/Conestoga_College/FIRST_TERM/Digital_Design/LABS/Lab6/VHDL/DCalles_Lab6_Adders.vhd Line: 56
    Info (12023): Found entity 1: Dcalles_Lab6_Adders File: C:/Users/yodav/Documents/Conestoga_College/FIRST_TERM/Digital_Design/LABS/Lab6/VHDL/DCalles_Lab6_Adders.vhd Line: 33
Info (12127): Elaborating entity "DCalles_Lab6_Adders" for the top level hierarchy
Info (12128): Elaborating entity "SevenSegments" for hierarchy "SevenSegments:SevenSegmentsL1" File: C:/Users/yodav/Documents/Conestoga_College/FIRST_TERM/Digital_Design/LABS/Lab6/VHDL/DCalles_Lab6_Adders.vhd Line: 108
Info (12128): Elaborating entity "Memory16Bits" for hierarchy "Memory16Bits:Memory16Bits1" File: C:/Users/yodav/Documents/Conestoga_College/FIRST_TERM/Digital_Design/LABS/Lab6/VHDL/DCalles_Lab6_Adders.vhd Line: 132
Warning (10540): VHDL Signal Declaration warning at Memory16Bits.vhd(69): used explicit default value for signal "preset" because signal was never assigned a value File: C:/Users/yodav/Documents/Conestoga_College/FIRST_TERM/Digital_Design/LABS/Lab6/VHDL/Memory16Bits.vhd Line: 69
Info (12128): Elaborating entity "DFF_David" for hierarchy "Memory16Bits:Memory16Bits1|DFF_David:DFF0" File: C:/Users/yodav/Documents/Conestoga_College/FIRST_TERM/Digital_Design/LABS/Lab6/VHDL/Memory16Bits.vhd Line: 90
Info (12128): Elaborating entity "Adder8Bits" for hierarchy "Adder8Bits:Adder8Bits1" File: C:/Users/yodav/Documents/Conestoga_College/FIRST_TERM/Digital_Design/LABS/Lab6/VHDL/DCalles_Lab6_Adders.vhd Line: 136
Info (12128): Elaborating entity "HalfAdder" for hierarchy "Adder8Bits:Adder8Bits1|HalfAdder:HalfAdder0" File: C:/Users/yodav/Documents/Conestoga_College/FIRST_TERM/Digital_Design/LABS/Lab6/VHDL/Adder8Bits.vhd Line: 67
Info (12128): Elaborating entity "FullAdder" for hierarchy "Adder8Bits:Adder8Bits1|FullAdder:FullAdder1" File: C:/Users/yodav/Documents/Conestoga_College/FIRST_TERM/Digital_Design/LABS/Lab6/VHDL/Adder8Bits.vhd Line: 71
Info (286030): Timing-Driven Synthesis is running
Warning (20013): Ignored 24 assignments for entity "Keypad" -- entity does not exist in design
    Warning (20014): Assignment for entity set_instance_assignment -name PARTITION_HIERARCHY root_partition -to | -entity Keypad -section_id Top was ignored
    Warning (20014): Assignment for entity set_global_assignment -name PARTITION_NETLIST_TYPE SOURCE -entity Keypad -section_id Top was ignored
    Warning (20014): Assignment for entity set_global_assignment -name PARTITION_FITTER_PRESERVATION_LEVEL PLACEMENT_AND_ROUTING -entity Keypad -section_id Top was ignored
    Warning (20014): Assignment for entity set_global_assignment -name PARTITION_PRESERVE_HIGH_SPEED_TILES ON -entity Keypad -section_id Top was ignored
    Warning (20014): Assignment for entity set_global_assignment -name PARTITION_IGNORE_SOURCE_FILE_CHANGES OFF -entity Keypad -section_id Top was ignored
    Warning (20014): Assignment for entity set_global_assignment -name PARTITION_ALWAYS_USE_QXP_NETLIST OFF -entity Keypad -section_id Top was ignored
    Warning (20014): Assignment for entity set_global_assignment -name PARTITION_COLOR 16764057 -entity Keypad -section_id Top was ignored
    Warning (20014): Assignment for entity set_global_assignment -name PARTITION_IMPORT_ASSIGNMENTS ON -entity Keypad -section_id Top was ignored
    Warning (20014): Assignment for entity set_global_assignment -name PARTITION_IMPORT_EXISTING_ASSIGNMENTS REPLACE_CONFLICTING -entity Keypad -section_id Top was ignored
    Warning (20014): Assignment for entity set_global_assignment -name PARTITION_IMPORT_EXISTING_LOGICLOCK_REGIONS UPDATE_CONFLICTING -entity Keypad -section_id Top was ignored
    Warning (20014): Assignment for entity set_global_assignment -name PARTITION_IMPORT_PIN_ASSIGNMENTS ON -entity Keypad -section_id Top was ignored
    Warning (20014): Assignment for entity set_global_assignment -name PARTITION_IMPORT_PROMOTE_ASSIGNMENTS ON -entity Keypad -section_id Top was ignored
    Warning (20014): Assignment for entity set_global_assignment -name PARTITION_TYPE STANDARD_PARTITION -entity Keypad -section_id Top was ignored
    Warning (20014): Assignment for entity set_global_assignment -name ALLOW_MULTIPLE_PERSONAS OFF -entity Keypad -section_id Top was ignored
    Warning (20014): Assignment for entity set_global_assignment -name PARTITION_ASD_REGION_ID 1 -entity Keypad -section_id Top was ignored
    Warning (20014): Assignment for entity set_global_assignment -name CROSS_BOUNDARY_OPTIMIZATIONS OFF -entity Keypad -section_id Top was ignored
    Warning (20014): Assignment for entity set_global_assignment -name PROPAGATE_CONSTANTS_ON_INPUTS ON -entity Keypad -section_id Top was ignored
    Warning (20014): Assignment for entity set_global_assignment -name PROPAGATE_INVERSIONS_ON_INPUTS ON -entity Keypad -section_id Top was ignored
    Warning (20014): Assignment for entity set_global_assignment -name REMOVE_LOGIC_ON_UNCONNECTED_OUTPUTS ON -entity Keypad -section_id Top was ignored
    Warning (20014): Assignment for entity set_global_assignment -name MERGE_EQUIVALENT_INPUTS ON -entity Keypad -section_id Top was ignored
    Warning (20014): Assignment for entity set_global_assignment -name MERGE_EQUIVALENT_BIDIRS ON -entity Keypad -section_id Top was ignored
    Warning (20014): Assignment for entity set_global_assignment -name ABSORB_PATHS_FROM_OUTPUTS_TO_INPUTS ON -entity Keypad -section_id Top was ignored
    Warning (20014): Assignment for entity set_global_assignment -name PARTITION_EXTRACT_HARD_BLOCK_NODES ON -entity Keypad -section_id Top was ignored
    Warning (20014): Assignment for entity set_global_assignment -name PARTITION_ENABLE_STRICT_PRESERVATION OFF -entity Keypad -section_id Top was ignored
Info (16010): Generating hard_block partition "hard_block:auto_generated_inst"
    Info (16011): Adding 0 node(s), including 0 DDIO, 0 PLL, 0 transceiver and 0 LCELL
Info (21057): Implemented 129 device resources after synthesis - the final resource count might be different
    Info (21058): Implemented 12 input pins
    Info (21059): Implemented 43 output pins
    Info (21061): Implemented 74 logic cells
Info: Quartus Prime Analysis & Synthesis was successful. 0 errors, 27 warnings
    Info: Peak virtual memory: 4850 megabytes
    Info: Processing ended: Thu Jul 15 10:04:51 2021
    Info: Elapsed time: 00:00:10
    Info: Total CPU time (on all processors): 00:00:21


